[36mvite v5.4.21 [32mbuilding for production...[36m[39m
transforming...
[32m??[39m 953 modules transformed.
